node.exe : FAIL components/dashboard/appointments/BookingModal.test.tsx
At C:\Users\C Z\AppData\Roaming\npm\pnpm.ps1:24 char:5
+     & "node$exe"  "$basedir/node_modules/pnpm/bin/pnpm.cjs" $args
+     ~~~~~~~~~~~~~~~~~~~~~~~~~~~~~~~~~~~~~~~~~~~~~~~~~~~~~~~~~~~~~
    + CategoryInfo          : NotSpecified: (FAIL components...gModal.test.tsx:String) [], RemoteException
    + FullyQualifiedErrorId : NativeCommandError
 
  BookingModal Component
    ΓêÜ does not render when show is false (23 ms)
    ΓêÜ renders correctly when show is true (60 ms)
    ├ù allows selecting a doctor and moving to next step (49 ms)

  ΓùÅ BookingModal Component ΓÇ║ allows selecting a doctor and moving to next step

    TypeError: Cannot read properties of undefined (reading 'then')

    [0m [90m 79 |[39m       setLoadingSlots([36mtrue[39m)
     [90m 80 |[39m       setSelectedTime([32m''[39m)
    [31m[1m>[22m[39m[90m 81 |[39m       
fetch([32m`${API}/doctors/${selectedDoctor.id}/slots?date=${selectedDate}`[39m[33m,[39m { headers[33m:[39m 
authHeader() })
     [90m    |[39m                                                                                                   
    [31m[1m^[22m[39m
     [90m 82 |[39m         [33m.[39mthen(r [33m=>[39m r[33m.[39mjson())
     [90m 83 |[39m         [33m.[39mthen(d [33m=>[39m setSlots(d))
     [90m 84 |[39m         [33m.[39m[36mcatch[39m(() [33m=>[39m setSlots({ slots[33m:[39m [][33m,[39m 
booked[33m:[39m [][33m,[39m fee[33m:[39m selectedDoctor[33m.[39mdoctorProfile[33m?[39m[33m.[39mfee 
[33m||[39m [35m500[39m }))[0m

      at components/dashboard/appointments/BookingModal.tsx:81:103
      at Object.react_stack_bottom_frame 
(node_modules/.pnpm/react-dom@19.2.4_react@19.2.4/node_modules/react-dom/cjs/react-dom-client.development.js:25989:20)
      at runWithFiberInDEV 
(node_modules/.pnpm/react-dom@19.2.4_react@19.2.4/node_modules/react-dom/cjs/react-dom-client.development.js:874:13)
      at commitHookEffectListMount 
(node_modules/.pnpm/react-dom@19.2.4_react@19.2.4/node_modules/react-dom/cjs/react-dom-client.development.js:13249:29)
      at commitHookPassiveMountEffects 
(node_modules/.pnpm/react-dom@19.2.4_react@19.2.4/node_modules/react-dom/cjs/react-dom-client.development.js:13336:11)
      at commitPassiveMountOnFiber 
(node_modules/.pnpm/react-dom@19.2.4_react@19.2.4/node_modules/react-dom/cjs/react-dom-client.development.js:15484:13)
      at recursivelyTraversePassiveMountEffects 
(node_modules/.pnpm/react-dom@19.2.4_react@19.2.4/node_modules/react-dom/cjs/react-dom-client.development.js:15439:11)
      at commitPassiveMountOnFiber 
(node_modules/.pnpm/react-dom@19.2.4_react@19.2.4/node_modules/react-dom/cjs/react-dom-client.development.js:15519:11)
      at flushPassiveEffects 
(node_modules/.pnpm/react-dom@19.2.4_react@19.2.4/node_modules/react-dom/cjs/react-dom-client.development.js:18432:9)
      at flushPendingEffects 
(node_modules/.pnpm/react-dom@19.2.4_react@19.2.4/node_modules/react-dom/cjs/react-dom-client.development.js:18358:14)
      at flushSpawnedWork 
(node_modules/.pnpm/react-dom@19.2.4_react@19.2.4/node_modules/react-dom/cjs/react-dom-client.development.js:18323:44)
      at commitRoot 
(node_modules/.pnpm/react-dom@19.2.4_react@19.2.4/node_modules/react-dom/cjs/react-dom-client.development.js:17955:9)
      at performWorkOnRoot 
(node_modules/.pnpm/react-dom@19.2.4_react@19.2.4/node_modules/react-dom/cjs/react-dom-client.development.js:16667:15)
      at performSyncWorkOnRoot 
(node_modules/.pnpm/react-dom@19.2.4_react@19.2.4/node_modules/react-dom/cjs/react-dom-client.development.js:18972:7)
      at flushSyncWorkAcrossRoots_impl 
(node_modules/.pnpm/react-dom@19.2.4_react@19.2.4/node_modules/react-dom/cjs/react-dom-client.development.js:18814:21)
      at processRootScheduleInMicrotask 
(node_modules/.pnpm/react-dom@19.2.4_react@19.2.4/node_modules/react-dom/cjs/react-dom-client.development.js:18853:9)
      at 
node_modules/.pnpm/react-dom@19.2.4_react@19.2.4/node_modules/react-dom/cjs/react-dom-client.development.js:18982:11
      at flushActQueue (node_modules/.pnpm/react@19.2.4/node_modules/react/cjs/react.development.js:590:34)
      at process.env.NODE_ENV.exports.act 
(node_modules/.pnpm/react@19.2.4/node_modules/react/cjs/react.development.js:884:10)
      at node_modules/.pnpm/@testing-library+react@16.3_893f466751a7d66081fd06e9edb9241a/node_modules/@testing-library/
react/dist/act-compat.js:46:25
      at Object.eventWrapper (node_modules/.pnpm/@testing-library+react@16.3_893f466751a7d66081fd06e9edb9241a/node_modu
les/@testing-library/react/dist/pure.js:106:28)
      at fireEvent 
(node_modules/.pnpm/@testing-library+dom@10.4.1/node_modules/@testing-library/dom/dist/events.js:12:35)
      at Function.fireEvent.<computed> [as click] 
(node_modules/.pnpm/@testing-library+dom@10.4.1/node_modules/@testing-library/dom/dist/events.js:110:36)
      at Function.click (node_modules/.pnpm/@testing-library+react@16.3_893f466751a7d66081fd06e9edb9241a/node_modules/@
testing-library/react/dist/fire-event.js:15:52)
      at Object.<anonymous> (components/dashboard/appointments/BookingModal.test.tsx:104:15)

Test Suites: 1 failed, 1 total
Tests:       1 failed, 2 passed, 3 total
Snapshots:   0 total
Time:        1.961 s, estimated 2 s
Ran all test suites matching components/dashboard/appointments/BookingModal.test.tsx.
